[     246ms] [LOG] 💿 Hey developer 👋. You can provide a way better UX than this when your app is loading JS modules and/or running `clientLoader` functions. Check out https://reactrouter.com/start/framework/route-module#hydratefallback for more information. @ http://localhost:3006/:23
[     543ms] [INFO] %cDownload the React DevTools for a better development experience: https://react.dev/link/react-devtools font-weight:bold @ http://localhost:3006/node_modules/.vite/deps/react-dom_client.js?v=c5fa4155:14337
[    4762ms] [LOG] [bokeh 3.9.0] setting log level to: 'info' @ http://localhost:5006/static/js/bokeh.min.js?v=2630124d82b67a204b9c9da925d3d456e9ec585bb0cf8f839a1c704dbee3f200b70d237916a9fd429755022dc83ac334505cd7385ebb4453a7b17aa1d3699c35:185
[    4778ms] [INFO] [bokeh 3.9.0] Websocket connection 0 is now open @ http://localhost:5006/static/js/bokeh.min.js?v=2630124d82b67a204b9c9da925d3d456e9ec585bb0cf8f839a1c704dbee3f200b70d237916a9fd429755022dc83ac334505cd7385ebb4453a7b17aa1d3699c35:248
[    5041ms] [LOG] Bokeh items were rendered successfully @ http://localhost:5006/static/js/bokeh.min.js?v=2630124d82b67a204b9c9da925d3d456e9ec585bb0cf8f839a1c704dbee3f200b70d237916a9fd429755022dc83ac334505cd7385ebb4453a7b17aa1d3699c35:163
[    5054ms] [INFO] [bokeh 3.9.0] document idle at 221 ms @ http://localhost:5006/static/js/bokeh.min.js?v=2630124d82b67a204b9c9da925d3d456e9ec585bb0cf8f839a1c704dbee3f200b70d237916a9fd429755022dc83ac334505cd7385ebb4453a7b17aa1d3699c35:165
[   63854ms] [INFO] [bokeh 3.9.0] Lost websocket 0 connection, 1006 () @ http://localhost:5006/static/js/bokeh.min.js?v=2630124d82b67a204b9c9da925d3d456e9ec585bb0cf8f839a1c704dbee3f200b70d237916a9fd429755022dc83ac334505cd7385ebb4453a7b17aa1d3699c35:248
[   68006ms] [LOG] [vite] server connection lost. Polling for restart... @ http://localhost:3006/@vite/client:968
[   68070ms] [INFO] [bokeh 3.9.0] Websocket connection 0 is now open @ http://localhost:5006/static/js/bokeh.min.js?v=2630124d82b67a204b9c9da925d3d456e9ec585bb0cf8f839a1c704dbee3f200b70d237916a9fd429755022dc83ac334505cd7385ebb4453a7b17aa1d3699c35:248
[   68173ms] [LOG] 💿 Hey developer 👋. You can provide a way better UX than this when your app is loading JS modules and/or running `clientLoader` functions. Check out https://reactrouter.com/start/framework/route-module#hydratefallback for more information. @ http://localhost:3006/:23
[   68309ms] [INFO] %cDownload the React DevTools for a better development experience: https://react.dev/link/react-devtools font-weight:bold @ http://localhost:3006/node_modules/.vite/deps/react-dom_client.js?v=c5fa4155:14337
[   69534ms] [LOG] [bokeh 3.9.0] setting log level to: 'info' @ http://localhost:5006/static/js/bokeh.min.js?v=2630124d82b67a204b9c9da925d3d456e9ec585bb0cf8f839a1c704dbee3f200b70d237916a9fd429755022dc83ac334505cd7385ebb4453a7b17aa1d3699c35:185
[   69582ms] [INFO] [bokeh 3.9.0] Websocket connection 0 is now open @ http://localhost:5006/static/js/bokeh.min.js?v=2630124d82b67a204b9c9da925d3d456e9ec585bb0cf8f839a1c704dbee3f200b70d237916a9fd429755022dc83ac334505cd7385ebb4453a7b17aa1d3699c35:248
[   70237ms] [LOG] Bokeh items were rendered successfully @ http://localhost:5006/static/js/bokeh.min.js?v=2630124d82b67a204b9c9da925d3d456e9ec585bb0cf8f839a1c704dbee3f200b70d237916a9fd429755022dc83ac334505cd7385ebb4453a7b17aa1d3699c35:163
[   70256ms] [INFO] [bokeh 3.9.0] document idle at 386 ms @ http://localhost:5006/static/js/bokeh.min.js?v=2630124d82b67a204b9c9da925d3d456e9ec585bb0cf8f839a1c704dbee3f200b70d237916a9fd429755022dc83ac334505cd7385ebb4453a7b17aa1d3699c35:165
[37284890ms] [INFO] [bokeh 3.9.0] Lost websocket 0 connection, 1006 () @ http://localhost:5006/static/js/bokeh.min.js?v=2630124d82b67a204b9c9da925d3d456e9ec585bb0cf8f839a1c704dbee3f200b70d237916a9fd429755022dc83ac334505cd7385ebb4453a7b17aa1d3699c35:248
[37284918ms] [LOG] [vite] server connection lost. Polling for restart... @ http://localhost:3006/@vite/client:968
[37285221ms] [ERROR] WebSocket connection to 'ws://localhost:8006/_event/?token=58abf5fe-56fa-4537-9712-c5461d23c2f3&EIO=4&transport=websocket' failed: Error in connection establishment: net::ERR_NETWORK_IO_SUSPENDED @ http://localhost:3006/node_modules/.vite/deps/socket__io-client.js?v=c5fa4155:977
[37285222ms] [ERROR] WebSocket connection to 'ws://localhost:5006/ws' failed: Error in connection establishment: net::ERR_NETWORK_IO_SUSPENDED @ http://localhost:5006/static/js/bokeh.min.js?v=2630124d82b67a204b9c9da925d3d456e9ec585bb0cf8f839a1c704dbee3f200b70d237916a9fd429755022dc83ac334505cd7385ebb4453a7b17aa1d3699c35:248
[37285223ms] [ERROR] [bokeh 3.9.0] Failed to connect to Bokeh server: Could not open websocket @ http://localhost:5006/static/js/bokeh.min.js?v=2630124d82b67a204b9c9da925d3d456e9ec585bb0cf8f839a1c704dbee3f200b70d237916a9fd429755022dc83ac334505cd7385ebb4453a7b17aa1d3699c35:248
[37285223ms] [INFO] [bokeh 3.9.0] Lost websocket 0 connection, 1006 () @ http://localhost:5006/static/js/bokeh.min.js?v=2630124d82b67a204b9c9da925d3d456e9ec585bb0cf8f839a1c704dbee3f200b70d237916a9fd429755022dc83ac334505cd7385ebb4453a7b17aa1d3699c35:248
[37286191ms] [LOG] Disconnect websocket on pagehide @ http://localhost:3006/utils/state.js:632
[37287829ms] [LOG] 💿 Hey developer 👋. You can provide a way better UX than this when your app is loading JS modules and/or running `clientLoader` functions. Check out https://reactrouter.com/start/framework/route-module#hydratefallback for more information. @ http://localhost:3006/:23
[37287990ms] [INFO] %cDownload the React DevTools for a better development experience: https://react.dev/link/react-devtools font-weight:bold @ http://localhost:3006/node_modules/.vite/deps/react-dom_client.js?v=c5fa4155:14337
[37289953ms] [LOG] [bokeh 3.9.0] setting log level to: 'info' @ http://localhost:5006/static/js/bokeh.min.js?v=2630124d82b67a204b9c9da925d3d456e9ec585bb0cf8f839a1c704dbee3f200b70d237916a9fd429755022dc83ac334505cd7385ebb4453a7b17aa1d3699c35:185
[37290057ms] [INFO] [bokeh 3.9.0] Websocket connection 0 is now open @ http://localhost:5006/static/js/bokeh.min.js?v=2630124d82b67a204b9c9da925d3d456e9ec585bb0cf8f839a1c704dbee3f200b70d237916a9fd429755022dc83ac334505cd7385ebb4453a7b17aa1d3699c35:248
[37290729ms] [LOG] Bokeh items were rendered successfully @ http://localhost:5006/static/js/bokeh.min.js?v=2630124d82b67a204b9c9da925d3d456e9ec585bb0cf8f839a1c704dbee3f200b70d237916a9fd429755022dc83ac334505cd7385ebb4453a7b17aa1d3699c35:163
[37290753ms] [INFO] [bokeh 3.9.0] document idle at 465 ms @ http://localhost:5006/static/js/bokeh.min.js?v=2630124d82b67a204b9c9da925d3d456e9ec585bb0cf8f839a1c704dbee3f200b70d237916a9fd429755022dc83ac334505cd7385ebb4453a7b17aa1d3699c35:165
[37402742ms] [INFO] [bokeh 3.9.0] Lost websocket 0 connection, 1006 () @ http://localhost:5006/static/js/bokeh.min.js?v=2630124d82b67a204b9c9da925d3d456e9ec585bb0cf8f839a1c704dbee3f200b70d237916a9fd429755022dc83ac334505cd7385ebb4453a7b17aa1d3699c35:248
[37402752ms] [LOG] [vite] server connection lost. Polling for restart... @ http://localhost:3006/@vite/client:968
[37402906ms] [INFO] [bokeh 3.9.0] Websocket connection 0 is now open @ http://localhost:5006/static/js/bokeh.min.js?v=2630124d82b67a204b9c9da925d3d456e9ec585bb0cf8f839a1c704dbee3f200b70d237916a9fd429755022dc83ac334505cd7385ebb4453a7b17aa1d3699c35:248
[37403047ms] [LOG] 💿 Hey developer 👋. You can provide a way better UX than this when your app is loading JS modules and/or running `clientLoader` functions. Check out https://reactrouter.com/start/framework/route-module#hydratefallback for more information. @ http://localhost:3006/:23
[37403159ms] [INFO] %cDownload the React DevTools for a better development experience: https://react.dev/link/react-devtools font-weight:bold @ http://localhost:3006/node_modules/.vite/deps/react-dom_client.js?v=c5fa4155:14337
[37405015ms] [LOG] [bokeh 3.9.0] setting log level to: 'info' @ http://localhost:5006/static/js/bokeh.min.js?v=2630124d82b67a204b9c9da925d3d456e9ec585bb0cf8f839a1c704dbee3f200b70d237916a9fd429755022dc83ac334505cd7385ebb4453a7b17aa1d3699c35:185
[37405217ms] [INFO] [bokeh 3.9.0] Websocket connection 0 is now open @ http://localhost:5006/static/js/bokeh.min.js?v=2630124d82b67a204b9c9da925d3d456e9ec585bb0cf8f839a1c704dbee3f200b70d237916a9fd429755022dc83ac334505cd7385ebb4453a7b17aa1d3699c35:248
[37405919ms] [LOG] Bokeh items were rendered successfully @ http://localhost:5006/static/js/bokeh.min.js?v=2630124d82b67a204b9c9da925d3d456e9ec585bb0cf8f839a1c704dbee3f200b70d237916a9fd429755022dc83ac334505cd7385ebb4453a7b17aa1d3699c35:163
[37405938ms] [INFO] [bokeh 3.9.0] document idle at 345 ms @ http://localhost:5006/static/js/bokeh.min.js?v=2630124d82b67a204b9c9da925d3d456e9ec585bb0cf8f839a1c704dbee3f200b70d237916a9fd429755022dc83ac334505cd7385ebb4453a7b17aa1d3699c35:165
[39515680ms] [INFO] [bokeh 3.9.0] Lost websocket 0 connection, 1006 () @ http://localhost:5006/static/js/bokeh.min.js?v=2630124d82b67a204b9c9da925d3d456e9ec585bb0cf8f839a1c704dbee3f200b70d237916a9fd429755022dc83ac334505cd7385ebb4453a7b17aa1d3699c35:248
[39515688ms] [LOG] [vite] server connection lost. Polling for restart... @ http://localhost:3006/@vite/client:968
[39516041ms] [LOG] 💿 Hey developer 👋. You can provide a way better UX than this when your app is loading JS modules and/or running `clientLoader` functions. Check out https://reactrouter.com/start/framework/route-module#hydratefallback for more information. @ http://localhost:3006/:23
[39516142ms] [INFO] %cDownload the React DevTools for a better development experience: https://react.dev/link/react-devtools font-weight:bold @ http://localhost:3006/node_modules/.vite/deps/react-dom_client.js?v=c5fa4155:14337
[39517326ms] [LOG] [bokeh 3.9.0] setting log level to: 'info' @ http://localhost:5006/static/js/bokeh.min.js?v=2630124d82b67a204b9c9da925d3d456e9ec585bb0cf8f839a1c704dbee3f200b70d237916a9fd429755022dc83ac334505cd7385ebb4453a7b17aa1d3699c35:185
[39517444ms] [INFO] [bokeh 3.9.0] Websocket connection 0 is now open @ http://localhost:5006/static/js/bokeh.min.js?v=2630124d82b67a204b9c9da925d3d456e9ec585bb0cf8f839a1c704dbee3f200b70d237916a9fd429755022dc83ac334505cd7385ebb4453a7b17aa1d3699c35:248
[39517937ms] [LOG] Bokeh items were rendered successfully @ http://localhost:5006/static/js/bokeh.min.js?v=2630124d82b67a204b9c9da925d3d456e9ec585bb0cf8f839a1c704dbee3f200b70d237916a9fd429755022dc83ac334505cd7385ebb4453a7b17aa1d3699c35:163
[39517961ms] [INFO] [bokeh 3.9.0] document idle at 416 ms @ http://localhost:5006/static/js/bokeh.min.js?v=2630124d82b67a204b9c9da925d3d456e9ec585bb0cf8f839a1c704dbee3f200b70d237916a9fd429755022dc83ac334505cd7385ebb4453a7b17aa1d3699c35:165
